[debug] [2026-05-27T00:50:26.604Z] ----------------------------------------------------------------------
[debug] [2026-05-27T00:50:26.605Z] Command:       /opt/homebrew/Cellar/node/25.9.0_2/bin/node /opt/homebrew/bin/firebase deploy --only functions:analyzePresentationFromStorage
[debug] [2026-05-27T00:50:26.605Z] CLI Version:   15.18.0
[debug] [2026-05-27T00:50:26.605Z] Platform:      darwin
[debug] [2026-05-27T00:50:26.605Z] Node Version:  v25.9.0
[debug] [2026-05-27T00:50:26.605Z] Time:          Wed May 27 2026 09:50:26 GMT+0900 (Korean Standard Time)
[debug] [2026-05-27T00:50:26.605Z] ----------------------------------------------------------------------
[debug] 
[debug] [2026-05-27T00:50:27.151Z] > command requires scopes: ["email","openid","https://www.googleapis.com/auth/cloudplatformprojects.readonly","https://www.googleapis.com/auth/firebase","https://www.googleapis.com/auth/cloud-platform"]
[debug] [2026-05-27T00:50:27.151Z] > authorizing via signed-in user (teldexperiment@gmail.com)
[debug] [2026-05-27T00:50:27.151Z] [iam] checking project public-speech-feedback for permissions ["cloudfunctions.functions.create","cloudfunctions.functions.delete","cloudfunctions.functions.get","cloudfunctions.functions.list","cloudfunctions.functions.update","cloudfunctions.operations.get","firebase.projects.get"]
[debug] [2026-05-27T00:50:27.152Z] Checked if tokens are valid: false, expires at: 1779842436824
[debug] [2026-05-27T00:50:27.152Z] Checked if tokens are valid: false, expires at: 1779842436824
[debug] [2026-05-27T00:50:27.152Z] > refreshing access token with scopes: []
[debug] [2026-05-27T00:50:27.152Z] >>> [apiv2][query] POST https://www.googleapis.com/oauth2/v3/token [none]
[debug] [2026-05-27T00:50:27.153Z] >>> [apiv2][body] POST https://www.googleapis.com/oauth2/v3/token [omitted]
[debug] [2026-05-27T00:50:27.563Z] <<< [apiv2][status] POST https://www.googleapis.com/oauth2/v3/token 200
[debug] [2026-05-27T00:50:27.563Z] <<< [apiv2][body] POST https://www.googleapis.com/oauth2/v3/token [omitted]
[debug] [2026-05-27T00:50:27.573Z] >>> [apiv2][query] POST https://cloudresourcemanager.googleapis.com/v1/projects/public-speech-feedback:testIamPermissions [none]
[debug] [2026-05-27T00:50:27.574Z] >>> [apiv2][(partial)header] POST https://cloudresourcemanager.googleapis.com/v1/projects/public-speech-feedback:testIamPermissions  x-goog-user-project=public-speech-feedback
[debug] [2026-05-27T00:50:27.574Z] >>> [apiv2][body] POST https://cloudresourcemanager.googleapis.com/v1/projects/public-speech-feedback:testIamPermissions {"permissions":["cloudfunctions.functions.create","cloudfunctions.functions.delete","cloudfunctions.functions.get","cloudfunctions.functions.list","cloudfunctions.functions.update","cloudfunctions.operations.get","firebase.projects.get"]}
[debug] [2026-05-27T00:50:27.855Z] <<< [apiv2][status] POST https://cloudresourcemanager.googleapis.com/v1/projects/public-speech-feedback:testIamPermissions 200
[debug] [2026-05-27T00:50:27.855Z] <<< [apiv2][body] POST https://cloudresourcemanager.googleapis.com/v1/projects/public-speech-feedback:testIamPermissions {"permissions":["cloudfunctions.functions.create","cloudfunctions.functions.delete","cloudfunctions.functions.get","cloudfunctions.functions.list","cloudfunctions.functions.update","cloudfunctions.operations.get","firebase.projects.get"]}
[debug] [2026-05-27T00:50:27.856Z] Checked if tokens are valid: true, expires at: 1779846626563
[debug] [2026-05-27T00:50:27.856Z] Checked if tokens are valid: true, expires at: 1779846626563
[debug] [2026-05-27T00:50:27.856Z] >>> [apiv2][query] POST https://iam.googleapis.com/v1/projects/public-speech-feedback/serviceAccounts/public-speech-feedback@appspot.gserviceaccount.com:testIamPermissions [none]
[debug] [2026-05-27T00:50:27.857Z] >>> [apiv2][body] POST https://iam.googleapis.com/v1/projects/public-speech-feedback/serviceAccounts/public-speech-feedback@appspot.gserviceaccount.com:testIamPermissions {"permissions":["iam.serviceAccounts.actAs"]}
[debug] [2026-05-27T00:50:29.047Z] <<< [apiv2][status] POST https://iam.googleapis.com/v1/projects/public-speech-feedback/serviceAccounts/public-speech-feedback@appspot.gserviceaccount.com:testIamPermissions 200
[debug] [2026-05-27T00:50:29.047Z] <<< [apiv2][body] POST https://iam.googleapis.com/v1/projects/public-speech-feedback/serviceAccounts/public-speech-feedback@appspot.gserviceaccount.com:testIamPermissions {"permissions":["iam.serviceAccounts.actAs"]}
[info] 
[info] === Deploying to 'public-speech-feedback'...
[info] 
[info] i  deploying functions 
[debug] [2026-05-27T00:50:29.049Z] Checked if tokens are valid: true, expires at: 1779846626563
[debug] [2026-05-27T00:50:29.049Z] Checked if tokens are valid: true, expires at: 1779846626563
[debug] [2026-05-27T00:50:29.049Z] >>> [apiv2][query] GET https://cloudresourcemanager.googleapis.com/v1/projects/public-speech-feedback [none]
[debug] [2026-05-27T00:50:29.246Z] <<< [apiv2][status] GET https://cloudresourcemanager.googleapis.com/v1/projects/public-speech-feedback 200
[debug] [2026-05-27T00:50:29.246Z] <<< [apiv2][body] GET https://cloudresourcemanager.googleapis.com/v1/projects/public-speech-feedback {"projectNumber":"294735447020","projectId":"public-speech-feedback","lifecycleState":"ACTIVE","name":"public-speech-feedback","labels":{"firebase":"enabled","firebase-core":"disabled"},"createTime":"2026-05-07T04:07:50.429Z"}
[info] i  functions: preparing codebase default for deployment 
[info] i  functions: ensuring required API cloudfunctions.googleapis.com is enabled... 
[info] i  functions: ensuring required API cloudbuild.googleapis.com is enabled... 
[info] i  artifactregistry: ensuring required API artifactregistry.googleapis.com is enabled... 
[debug] [2026-05-27T00:50:29.247Z] Checked if tokens are valid: true, expires at: 1779846626563
[debug] [2026-05-27T00:50:29.247Z] Checked if tokens are valid: true, expires at: 1779846626563
[debug] [2026-05-27T00:50:29.247Z] >>> [apiv2][query] GET https://firebase.googleapis.com/v1beta1/projects/public-speech-feedback/adminSdkConfig [none]
[debug] [2026-05-27T00:50:30.899Z] <<< [apiv2][status] GET https://firebase.googleapis.com/v1beta1/projects/public-speech-feedback/adminSdkConfig 200
[debug] [2026-05-27T00:50:30.900Z] <<< [apiv2][body] GET https://firebase.googleapis.com/v1beta1/projects/public-speech-feedback/adminSdkConfig {"projectId":"public-speech-feedback","storageBucket":"public-speech-feedback.firebasestorage.app"}
[debug] [2026-05-27T00:50:30.900Z] Checked if tokens are valid: true, expires at: 1779846626563
[debug] [2026-05-27T00:50:30.900Z] Checked if tokens are valid: true, expires at: 1779846626563
[debug] [2026-05-27T00:50:30.900Z] >>> [apiv2][query] GET https://runtimeconfig.googleapis.com/v1beta1/projects/public-speech-feedback/configs [none]
[debug] [2026-05-27T00:50:31.967Z] <<< [apiv2][status] GET https://runtimeconfig.googleapis.com/v1beta1/projects/public-speech-feedback/configs 200
[debug] [2026-05-27T00:50:31.967Z] <<< [apiv2][body] GET https://runtimeconfig.googleapis.com/v1beta1/projects/public-speech-feedback/configs {}
[debug] [2026-05-27T00:50:31.968Z] Validating nodejs source
[warn] ⚠  functions: Runtime Node.js 20 was deprecated on 2026-04-30 and will be decommissioned on 2026-10-30, after which you will not be able to deploy without upgrading. Consider upgrading now to avoid disruption. See https://cloud.google.com/functions/docs/runtime-support for full details on the lifecycle policy 
[warn] ⚠  functions: package.json indicates an outdated version of firebase-functions. Please upgrade using npm install --save firebase-functions@latest in your functions directory. 
[warn] ⚠  functions: Please note that there will be breaking changes when you upgrade. 
[debug] [2026-05-27T00:50:32.352Z] > [functions] package.json contents: {
  "name": "public-speech-feedback-functions",
  "private": true,
  "main": "index.js",
  "engines": {
    "node": "20"
  },
  "scripts": {
    "serve": "firebase emulators:start --only functions",
    "deploy": "firebase deploy --only functions",
    "logs": "firebase functions:log"
  },
  "dependencies": {
    "firebase-admin": "^13.0.0",
    "firebase-functions": "^6.0.1",
    "google-auth-library": "^9.15.0"
  }
}
[debug] [2026-05-27T00:50:32.352Z] Building nodejs source
[info] i  functions: Loading and analyzing source code for codebase default to determine what to deploy 
[debug] [2026-05-27T00:50:32.352Z] Could not find functions.yaml. Must use http discovery
[debug] [2026-05-27T00:50:32.356Z] Found firebase-functions binary at '/Users/juyoung/Desktop/workspace/institute_projects/teld_public_speech_ai_feedback/functions/node_modules/.bin/firebase-functions'
[info] Serving at port 8648

[debug] [2026-05-27T00:50:32.644Z] Got response from /__/functions.yaml {"endpoints":{"analyzePresentationFromStorage":{"availableMemoryMb":1024,"timeoutSeconds":540,"minInstances":null,"maxInstances":5,"ingressSettings":null,"concurrency":1,"serviceAccountEmail":null,"vpc":null,"platform":"gcfv2","region":["us-central1"],"secretEnvironmentVariables":[{"key":"GEMINI_API_KEY"}],"labels":{},"callableTrigger":{},"entryPoint":"analyzePresentationFromStorage"}},"specVersion":"v1alpha1","requiredAPIs":[],"extensions":{},"params":[{"type":"secret","name":"GEMINI_API_KEY"}]}
[debug] [2026-05-27T00:50:36.659Z] Checked if tokens are valid: true, expires at: 1779846626563
[debug] [2026-05-27T00:50:36.659Z] Checked if tokens are valid: true, expires at: 1779846626563
[debug] [2026-05-27T00:50:36.659Z] >>> [apiv2][query] GET https://cloudfunctions.googleapis.com/v1/projects/public-speech-feedback/locations/-/functions [none]
[debug] [2026-05-27T00:50:37.451Z] <<< [apiv2][status] GET https://cloudfunctions.googleapis.com/v1/projects/public-speech-feedback/locations/-/functions 200
[debug] [2026-05-27T00:50:37.452Z] <<< [apiv2][body] GET https://cloudfunctions.googleapis.com/v1/projects/public-speech-feedback/locations/-/functions {}
[debug] [2026-05-27T00:50:37.452Z] Checked if tokens are valid: true, expires at: 1779846626563
[debug] [2026-05-27T00:50:37.452Z] Checked if tokens are valid: true, expires at: 1779846626563
[debug] [2026-05-27T00:50:37.453Z] >>> [apiv2][query] GET https://cloudfunctions.googleapis.com/v2/projects/public-speech-feedback/locations/-/functions filter=environment%3D%22GEN_2%22
[debug] [2026-05-27T00:50:39.590Z] <<< [apiv2][status] GET https://cloudfunctions.googleapis.com/v2/projects/public-speech-feedback/locations/-/functions 200
[debug] [2026-05-27T00:50:39.591Z] <<< [apiv2][body] GET https://cloudfunctions.googleapis.com/v2/projects/public-speech-feedback/locations/-/functions {"functions":[{"name":"projects/public-speech-feedback/locations/us-central1/functions/analyzePresentationFromStorage","buildConfig":{"build":"projects/294735447020/locations/us-central1/builds/cd45a505-a1c9-4a73-89db-227f880953a7","runtime":"nodejs20","entryPoint":"analyzePresentationFromStorage","source":{"storageSource":{"bucket":"gcf-v2-sources-294735447020-us-central1","object":"analyzePresentationFromStorage/function-source.zip","generation":"1779839225553060"}},"environmentVariables":{"GOOGLE_NODE_RUN_SCRIPTS":""},"dockerRepository":"projects/public-speech-feedback/locations/us-central1/repositories/gcf-artifacts","sourceProvenance":{"resolvedStorageSource":{"bucket":"gcf-v2-sources-294735447020-us-central1","object":"analyzePresentationFromStorage/function-source.zip","generation":"1779839225553060"}},"dockerRegistry":"ARTIFACT_REGISTRY","serviceAccount":"projects/public-speech-feedback/serviceAccounts/294735447020-compute@developer.gserviceaccount.com","automaticUpdatePolicy":{}},"serviceConfig":{"service":"projects/public-speech-feedback/locations/us-central1/services/analyzepresentationfromstorage","timeoutSeconds":540,"environmentVariables":{"FIREBASE_CONFIG":"{\"projectId\":\"public-speech-feedback\",\"storageBucket\":\"public-speech-feedback.firebasestorage.app\"}","GCLOUD_PROJECT":"public-speech-feedback","EVENTARC_CLOUD_EVENT_SOURCE":"projects/public-speech-feedback/locations/us-central1/services/analyzePresentationFromStorage","FUNCTION_TARGET":"analyzePresentationFromStorage","LOG_EXECUTION_ID":"true"},"maxInstanceCount":5,"ingressSettings":"ALLOW_ALL","uri":"https://analyzepresentationfromstorage-a26tzeuufa-uc.a.run.app","serviceAccountEmail":"294735447020-compute@developer.gserviceaccount.com","availableMemory":"1024Mi","allTrafficOnLatestRevision":true,"secretEnvironmentVariables":[{"key":"GEMINI_API_KEY","projectId":"public-speech-feedback","secret":"GEMINI_API_KEY","version":"2"}],"revision":"analyzepresentationfromstorage-00001-paj","maxInstanceRequestConcurrency":1,"availableCpu":"1"},"state":"ACTIVE","updateTime":"2026-05-26T23:48:33.433935504Z","labels":{"deployment-tool":"cli-firebase","deployment-callable":"true","firebase-functions-hash":"42fdd5adc2dc572ad254b5a901ee35a4eacdc341"},"environment":"GEN_2","url":"https://us-central1-public-speech-feedback.cloudfunctions.net/analyzePresentationFromStorage","createTime":"2026-05-26T23:47:06.866514322Z","satisfiesPzi":true}]}
[info] i  extensions: ensuring required API firebaseextensions.googleapis.com is enabled... 
[debug] [2026-05-27T00:50:39.593Z] > command requires scopes: ["email","openid","https://www.googleapis.com/auth/cloudplatformprojects.readonly","https://www.googleapis.com/auth/firebase","https://www.googleapis.com/auth/cloud-platform"]
[debug] [2026-05-27T00:50:39.593Z] > authorizing via signed-in user (teldexperiment@gmail.com)
[debug] [2026-05-27T00:50:39.593Z] [iam] checking project public-speech-feedback for permissions ["firebase.projects.get","firebaseextensions.instances.list"]
[debug] [2026-05-27T00:50:39.593Z] Checked if tokens are valid: true, expires at: 1779846626563
[debug] [2026-05-27T00:50:39.593Z] Checked if tokens are valid: true, expires at: 1779846626563
[debug] [2026-05-27T00:50:39.593Z] >>> [apiv2][query] POST https://cloudresourcemanager.googleapis.com/v1/projects/public-speech-feedback:testIamPermissions [none]
[debug] [2026-05-27T00:50:39.594Z] >>> [apiv2][(partial)header] POST https://cloudresourcemanager.googleapis.com/v1/projects/public-speech-feedback:testIamPermissions  x-goog-user-project=public-speech-feedback
[debug] [2026-05-27T00:50:39.594Z] >>> [apiv2][body] POST https://cloudresourcemanager.googleapis.com/v1/projects/public-speech-feedback:testIamPermissions {"permissions":["firebase.projects.get","firebaseextensions.instances.list"]}
[debug] [2026-05-27T00:50:39.838Z] <<< [apiv2][status] POST https://cloudresourcemanager.googleapis.com/v1/projects/public-speech-feedback:testIamPermissions 200
[debug] [2026-05-27T00:50:39.839Z] <<< [apiv2][body] POST https://cloudresourcemanager.googleapis.com/v1/projects/public-speech-feedback:testIamPermissions {"permissions":["firebase.projects.get","firebaseextensions.instances.list"]}
[debug] [2026-05-27T00:50:39.841Z] Checked if tokens are valid: true, expires at: 1779846626563
[debug] [2026-05-27T00:50:39.841Z] Checked if tokens are valid: true, expires at: 1779846626563
[debug] [2026-05-27T00:50:39.842Z] >>> [apiv2][query] GET https://firebaseextensions.googleapis.com/v1beta/projects/public-speech-feedback/instances pageSize=100&pageToken=
[debug] [2026-05-27T00:50:42.352Z] <<< [apiv2][status] GET https://firebaseextensions.googleapis.com/v1beta/projects/public-speech-feedback/instances 200
[debug] [2026-05-27T00:50:42.352Z] <<< [apiv2][body] GET https://firebaseextensions.googleapis.com/v1beta/projects/public-speech-feedback/instances {}
[debug] [2026-05-27T00:50:42.354Z] Checked if tokens are valid: true, expires at: 1779846626563
[debug] [2026-05-27T00:50:42.354Z] Checked if tokens are valid: true, expires at: 1779846626563
[debug] [2026-05-27T00:50:42.354Z] >>> [apiv2][query] GET https://secretmanager.googleapis.com/v1/projects/public-speech-feedback/secrets/GEMINI_API_KEY [none]
[debug] [2026-05-27T00:50:42.805Z] <<< [apiv2][status] GET https://secretmanager.googleapis.com/v1/projects/public-speech-feedback/secrets/GEMINI_API_KEY 200
[debug] [2026-05-27T00:50:42.805Z] <<< [apiv2][body] GET https://secretmanager.googleapis.com/v1/projects/public-speech-feedback/secrets/GEMINI_API_KEY {"name":"projects/294735447020/secrets/GEMINI_API_KEY","replication":{"automatic":{}},"createTime":"2026-05-26T23:41:03.148641Z","labels":{"firebase-managed":"functions"},"etag":"\"1652c1073ab936\""}
[debug] [2026-05-27T00:50:42.805Z] Checked if tokens are valid: true, expires at: 1779846626563
[debug] [2026-05-27T00:50:42.808Z] Checked if tokens are valid: true, expires at: 1779846626563
[debug] [2026-05-27T00:50:42.808Z] >>> [apiv2][query] GET https://secretmanager.googleapis.com/v1/projects/public-speech-feedback/secrets/GEMINI_API_KEY/versions/latest [none]
[debug] [2026-05-27T00:50:43.055Z] <<< [apiv2][status] GET https://secretmanager.googleapis.com/v1/projects/public-speech-feedback/secrets/GEMINI_API_KEY/versions/latest 200
[debug] [2026-05-27T00:50:43.055Z] <<< [apiv2][body] GET https://secretmanager.googleapis.com/v1/projects/public-speech-feedback/secrets/GEMINI_API_KEY/versions/latest {"name":"projects/294735447020/secrets/GEMINI_API_KEY/versions/2","createTime":"2026-05-26T23:41:20.717216Z","state":"ENABLED","replicationStatus":{"automatic":{}},"etag":"\"1652c1083e19a0\""}
[info] i  functions: preparing functions directory for uploading... 
[info] i  functions: packaged /Users/juyoung/Desktop/workspace/institute_projects/teld_public_speech_ai_feedback/functions (40.03 KB) for uploading 
[info] i  functions: ensuring required API run.googleapis.com is enabled... 
[info] i  functions: ensuring required API eventarc.googleapis.com is enabled... 
[info] i  functions: ensuring required API pubsub.googleapis.com is enabled... 
[info] i  functions: ensuring required API storage.googleapis.com is enabled... 
[info] i  functions: generating the service identity for pubsub.googleapis.com... 
[debug] [2026-05-27T00:50:43.084Z] Checked if tokens are valid: true, expires at: 1779846626563
[debug] [2026-05-27T00:50:43.084Z] Checked if tokens are valid: true, expires at: 1779846626563
[info] i  functions: generating the service identity for eventarc.googleapis.com... 
[debug] [2026-05-27T00:50:43.084Z] Checked if tokens are valid: true, expires at: 1779846626563
[debug] [2026-05-27T00:50:43.084Z] Checked if tokens are valid: true, expires at: 1779846626563
[debug] [2026-05-27T00:50:43.084Z] >>> [apiv2][query] POST https://serviceusage.googleapis.com/v1beta1/projects/294735447020/services/pubsub.googleapis.com:generateServiceIdentity [none]
[debug] [2026-05-27T00:50:43.085Z] >>> [apiv2][(partial)header] POST https://serviceusage.googleapis.com/v1beta1/projects/294735447020/services/pubsub.googleapis.com:generateServiceIdentity  x-goog-user-project=294735447020
[debug] [2026-05-27T00:50:43.085Z] >>> [apiv2][body] POST https://serviceusage.googleapis.com/v1beta1/projects/294735447020/services/pubsub.googleapis.com:generateServiceIdentity {}
[debug] [2026-05-27T00:50:43.086Z] >>> [apiv2][query] POST https://serviceusage.googleapis.com/v1beta1/projects/294735447020/services/eventarc.googleapis.com:generateServiceIdentity [none]
[debug] [2026-05-27T00:50:43.086Z] >>> [apiv2][(partial)header] POST https://serviceusage.googleapis.com/v1beta1/projects/294735447020/services/eventarc.googleapis.com:generateServiceIdentity  x-goog-user-project=294735447020
[debug] [2026-05-27T00:50:43.086Z] >>> [apiv2][body] POST https://serviceusage.googleapis.com/v1beta1/projects/294735447020/services/eventarc.googleapis.com:generateServiceIdentity {}
[debug] [2026-05-27T00:50:44.071Z] <<< [apiv2][status] POST https://serviceusage.googleapis.com/v1beta1/projects/294735447020/services/eventarc.googleapis.com:generateServiceIdentity 200
[debug] [2026-05-27T00:50:44.072Z] <<< [apiv2][body] POST https://serviceusage.googleapis.com/v1beta1/projects/294735447020/services/eventarc.googleapis.com:generateServiceIdentity {"name":"operations/finished.DONE_OPERATION","done":true,"response":{"@type":"type.googleapis.com/google.api.serviceusage.v1beta1.ServiceIdentity","email":"service-294735447020@gcp-sa-eventarc.iam.gserviceaccount.com","uniqueId":"111660110794477923177"}}
[debug] [2026-05-27T00:50:44.666Z] <<< [apiv2][status] POST https://serviceusage.googleapis.com/v1beta1/projects/294735447020/services/pubsub.googleapis.com:generateServiceIdentity 200
[debug] [2026-05-27T00:50:44.667Z] <<< [apiv2][body] POST https://serviceusage.googleapis.com/v1beta1/projects/294735447020/services/pubsub.googleapis.com:generateServiceIdentity {"name":"operations/finished.DONE_OPERATION","done":true,"response":{"@type":"type.googleapis.com/google.api.serviceusage.v1beta1.ServiceIdentity","email":"service-294735447020@gcp-sa-pubsub.iam.gserviceaccount.com","uniqueId":"114864898733092047847"}}
[info] i  functions: ensuring required API secretmanager.googleapis.com is enabled... 
[debug] [2026-05-27T00:50:44.669Z] Checked if tokens are valid: true, expires at: 1779846626563
[debug] [2026-05-27T00:50:44.669Z] Checked if tokens are valid: true, expires at: 1779846626563
[debug] [2026-05-27T00:50:44.669Z] >>> [apiv2][query] GET https://secretmanager.googleapis.com/v1/projects/public-speech-feedback/secrets/GEMINI_API_KEY/versions/latest [none]
[debug] [2026-05-27T00:50:44.900Z] <<< [apiv2][status] GET https://secretmanager.googleapis.com/v1/projects/public-speech-feedback/secrets/GEMINI_API_KEY/versions/latest 200
[debug] [2026-05-27T00:50:44.901Z] <<< [apiv2][body] GET https://secretmanager.googleapis.com/v1/projects/public-speech-feedback/secrets/GEMINI_API_KEY/versions/latest {"name":"projects/294735447020/secrets/GEMINI_API_KEY/versions/2","createTime":"2026-05-26T23:41:20.717216Z","state":"ENABLED","replicationStatus":{"automatic":{}},"etag":"\"1652c1083e19a0\""}
[debug] [2026-05-27T00:50:44.901Z] Resolved secret version of GEMINI_API_KEY to 2.
[debug] [2026-05-27T00:50:44.903Z] Checked if tokens are valid: true, expires at: 1779846626563
[debug] [2026-05-27T00:50:44.903Z] Checked if tokens are valid: true, expires at: 1779846626563
[debug] [2026-05-27T00:50:44.903Z] >>> [apiv2][query] GET https://cloudresourcemanager.googleapis.com/v1/projects/public-speech-feedback [none]
[debug] [2026-05-27T00:50:45.182Z] <<< [apiv2][status] GET https://cloudresourcemanager.googleapis.com/v1/projects/public-speech-feedback 200
[debug] [2026-05-27T00:50:45.183Z] <<< [apiv2][body] GET https://cloudresourcemanager.googleapis.com/v1/projects/public-speech-feedback {"projectNumber":"294735447020","projectId":"public-speech-feedback","lifecycleState":"ACTIVE","name":"public-speech-feedback","labels":{"firebase":"enabled","firebase-core":"disabled"},"createTime":"2026-05-07T04:07:50.429Z"}
[debug] [2026-05-27T00:50:45.183Z] Checked if tokens are valid: true, expires at: 1779846626563
[debug] [2026-05-27T00:50:45.183Z] Checked if tokens are valid: true, expires at: 1779846626563
[debug] [2026-05-27T00:50:45.183Z] >>> [apiv2][query] GET https://compute.googleapis.com/compute/v1/projects/294735447020 [none]
[debug] [2026-05-27T00:50:46.461Z] <<< [apiv2][status] GET https://compute.googleapis.com/compute/v1/projects/294735447020 200
[debug] [2026-05-27T00:50:46.461Z] <<< [apiv2][body] GET https://compute.googleapis.com/compute/v1/projects/294735447020 {"kind":"compute#project","id":"3620129358741212800","creationTimestamp":"2026-05-26T16:44:47.506-07:00","name":"public-speech-feedback","commonInstanceMetadata":{"kind":"compute#metadata","fingerprint":"C8uLy9qFYyA="},"quotas":[{"metric":"SNAPSHOTS","limit":1000,"usage":0},{"metric":"NETWORKS","limit":5,"usage":1},{"metric":"FIREWALLS","limit":100,"usage":4},{"metric":"IMAGES","limit":100,"usage":0},{"metric":"STATIC_ADDRESSES","limit":8,"usage":0},{"metric":"ROUTES","limit":200,"usage":0},{"metric":"FORWARDING_RULES","limit":15,"usage":0},{"metric":"TARGET_POOLS","limit":50,"usage":0},{"metric":"HEALTH_CHECKS","limit":75,"usage":0},{"metric":"IN_USE_ADDRESSES","limit":8,"usage":0},{"metric":"TARGET_INSTANCES","limit":50,"usage":0},{"metric":"TARGET_HTTP_PROXIES","limit":10,"usage":0},{"metric":"URL_MAPS","limit":10,"usage":0},{"metric":"BACKEND_SERVICES","limit":50,"usage":0},{"metric":"INSTANCE_TEMPLATES","limit":100,"usage":0},{"metric":"TARGET_VPN_GATEWAYS","limit":5,"usage":0},{"metric":"VPN_TUNNELS","limit":10,"usage":0},{"metric":"BACKEND_BUCKETS","limit":3,"usage":0},{"metric":"ROUTERS","limit":10,"usage":0},{"metric":"TARGET_SSL_PROXIES","limit":10,"usage":0},{"metric":"TARGET_HTTPS_PROXIES","limit":10,"usage":0},{"metric":"SSL_CERTIFICATES","limit":10,"usage":0},{"metric":"SUBNETWORKS","limit":100,"usage":0},{"metric":"TARGET_TCP_PROXIES","limit":10,"usage":0},{"metric":"CPUS_ALL_REGIONS","limit":16,"usage":0},{"metric":"SECURITY_POLICIES","limit":10,"usage":0},{"metric":"SECURITY_POLICY_RULES","limit":100,"usage":0},{"metric":"XPN_SERVICE_PROJECTS","limit":1000,"usage":0},{"metric":"PACKET_MIRRORINGS","limit":20,"usage":0},{"metric":"NETWORK_ENDPOINT_GROUPS","limit":100,"usage":0},{"metric":"INTERCONNECTS","limit":6,"usage":0},{"metric":"SSL_POLICIES","limit":10,"usage":0},{"metric":"GLOBAL_INTERNAL_ADDRESSES","limit":5000,"usage":0},{"metric":"VPN_GATEWAYS","limit":5,"usage":0},{"metric":"MACHINE_IMAGES","limit":100,"usage":0},{"metric":"SECURITY_POLICY_CEVAL_RULES","limit":20,"usage":0},{"metric":"GPUS_ALL_REGIONS","limit":0,"usage":0},{"metric":"EXTERNAL_VPN_GATEWAYS","limit":5,"usage":0},{"metric":"PUBLIC_ADVERTISED_PREFIXES","limit":1,"usage":0},{"metric":"PUBLIC_DELEGATED_PREFIXES","limit":10,"usage":0},{"metric":"STATIC_BYOIP_ADDRESSES","limit":128,"usage":0},{"metric":"NETWORK_FIREWALL_POLICIES","limit":10,"usage":0},{"metric":"INTERNAL_TRAFFIC_DIRECTOR_FORWARDING_RULES","limit":15,"usage":0},{"metric":"GLOBAL_EXTERNAL_MANAGED_FORWARDING_RULES","limit":15,"usage":0},{"metric":"GLOBAL_INTERNAL_MANAGED_BACKEND_SERVICES","limit":50,"usage":0},{"metric":"GLOBAL_EXTERNAL_MANAGED_BACKEND_SERVICES","limit":50,"usage":0},{"metric":"GLOBAL_EXTERNAL_PROXY_LB_BACKEND_SERVICES","limit":50,"usage":0},{"metric":"GLOBAL_INTERNAL_TRAFFIC_DIRECTOR_BACKEND_SERVICES","limit":250,"usage":0}],"selfLink":"https://www.googleapis.com/compute/v1/projects/public-speech-feedback","defaultServiceAccount":"294735447020-compute@developer.gserviceaccount.com","xpnProjectStatus":"UNSPECIFIED_XPN_PROJECT_STATUS","defaultNetworkTier":"PREMIUM","vmDnsSetting":"ZONAL_ONLY","cloudArmorTier":"CA_STANDARD"}
[debug] [2026-05-27T00:50:46.462Z] Checked if tokens are valid: true, expires at: 1779846626563
[debug] [2026-05-27T00:50:46.462Z] Checked if tokens are valid: true, expires at: 1779846626563
[debug] [2026-05-27T00:50:46.462Z] >>> [apiv2][query] GET https://cloudbilling.googleapis.com/v1/projects/public-speech-feedback/billingInfo [none]
[debug] [2026-05-27T00:50:48.010Z] <<< [apiv2][status] GET https://cloudbilling.googleapis.com/v1/projects/public-speech-feedback/billingInfo 200
[debug] [2026-05-27T00:50:48.010Z] <<< [apiv2][body] GET https://cloudbilling.googleapis.com/v1/projects/public-speech-feedback/billingInfo {"name":"projects/public-speech-feedback/billingInfo","projectId":"public-speech-feedback","billingAccountName":"billingAccounts/016D66-F1CF44-276093","billingEnabled":true}
[debug] [2026-05-27T00:50:48.012Z] Checked if tokens are valid: true, expires at: 1779846626563
[debug] [2026-05-27T00:50:48.012Z] Checked if tokens are valid: true, expires at: 1779846626563
[debug] [2026-05-27T00:50:48.012Z] >>> [apiv2][query] POST https://cloudfunctions.googleapis.com/v2/projects/public-speech-feedback/locations/us-central1/functions:generateUploadUrl [none]
[debug] [2026-05-27T00:50:49.248Z] <<< [apiv2][status] POST https://cloudfunctions.googleapis.com/v2/projects/public-speech-feedback/locations/us-central1/functions:generateUploadUrl 200
[debug] [2026-05-27T00:50:49.248Z] <<< [apiv2][body] POST https://cloudfunctions.googleapis.com/v2/projects/public-speech-feedback/locations/us-central1/functions:generateUploadUrl {"uploadUrl":"https://storage.googleapis.com/gcf-v2-uploads-294735447020.us-central1.cloudfunctions.appspot.com/0e4962d8-1626-4c41-8528-98f8af31b013.zip?GoogleAccessId=service-294735447020@gcf-admin-robot.iam.gserviceaccount.com&Expires=1779844849&Signature=FuWd8s31ykUK0q1Q1OkEqMV%2FF5ueGR9%2BMjjqYvMLqs8A1hRNrcLTttbL4Ht2aeKHOgy1D4dA1bNv%2BuddKM85Y0PcYHN5Nkt6tQODqz33rPro45eE%2B59ajgVbNnwutXLn0ILWEl7mrklKLha8MPEOTJF8WsHpTjgMMO%2BgnhwgUqcZnlkPT21vtpxX8krx7s2t8P%2FE%2FM3nES9YFRLbJzfjXW2jlUADZDSN%2FG0W3Q7Ej0efrkAcNnFOq2voHUmAD5U0GPjT78ZyQ2j4gYFZPm9SZuuejJFPdoYgQ2fYSvTToQzD02dMw98lpSaWlO7pyIcjS0cqwhL9anRZZgtxMC%2BPuA%3D%3D","storageSource":{"bucket":"gcf-v2-uploads-294735447020.us-central1.cloudfunctions.appspot.com","object":"0e4962d8-1626-4c41-8528-98f8af31b013.zip"}}
[debug] [2026-05-27T00:50:49.249Z] >>> [apiv2][query] PUT https://storage.googleapis.com/gcf-v2-uploads-294735447020.us-central1.cloudfunctions.appspot.com/0e4962d8-1626-4c41-8528-98f8af31b013.zip GoogleAccessId=service-294735447020%40gcf-admin-robot.iam.gserviceaccount.com&Expires=1779844849&Signature=FuWd8s31ykUK0q1Q1OkEqMV%2FF5ueGR9%2BMjjqYvMLqs8A1hRNrcLTttbL4Ht2aeKHOgy1D4dA1bNv%2BuddKM85Y0PcYHN5Nkt6tQODqz33rPro45eE%2B59ajgVbNnwutXLn0ILWEl7mrklKLha8MPEOTJF8WsHpTjgMMO%2BgnhwgUqcZnlkPT21vtpxX8krx7s2t8P%2FE%2FM3nES9YFRLbJzfjXW2jlUADZDSN%2FG0W3Q7Ej0efrkAcNnFOq2voHUmAD5U0GPjT78ZyQ2j4gYFZPm9SZuuejJFPdoYgQ2fYSvTToQzD02dMw98lpSaWlO7pyIcjS0cqwhL9anRZZgtxMC%2BPuA%3D%3D
[debug] [2026-05-27T00:50:49.250Z] >>> [apiv2][body] PUT https://storage.googleapis.com/gcf-v2-uploads-294735447020.us-central1.cloudfunctions.appspot.com/0e4962d8-1626-4c41-8528-98f8af31b013.zip [stream]
[debug] [2026-05-27T00:50:49.778Z] <<< [apiv2][status] PUT https://storage.googleapis.com/gcf-v2-uploads-294735447020.us-central1.cloudfunctions.appspot.com/0e4962d8-1626-4c41-8528-98f8af31b013.zip 200
[debug] [2026-05-27T00:50:49.778Z] <<< [apiv2][body] PUT https://storage.googleapis.com/gcf-v2-uploads-294735447020.us-central1.cloudfunctions.appspot.com/0e4962d8-1626-4c41-8528-98f8af31b013.zip [omitted]
[info] ✔  functions: functions source uploaded successfully 
[info] i  functions: updating Node.js 20 (2nd Gen) function analyzePresentationFromStorage(us-central1)... 
[debug] [2026-05-27T00:50:49.782Z] Checked if tokens are valid: true, expires at: 1779846626563
[debug] [2026-05-27T00:50:49.782Z] Checked if tokens are valid: true, expires at: 1779846626563
[debug] [2026-05-27T00:50:49.782Z] >>> [apiv2][query] PATCH https://cloudfunctions.googleapis.com/v2/projects/public-speech-feedback/locations/us-central1/functions/analyzePresentationFromStorage updateMask=name%2CbuildConfig.runtime%2CbuildConfig.entryPoint%2CbuildConfig.source.storageSource.bucket%2CbuildConfig.source.storageSource.object%2CbuildConfig.environmentVariables%2CbuildConfig.sourceToken%2CserviceConfig.environmentVariables%2CserviceConfig.secretEnvironmentVariables%2CserviceConfig.ingressSettings%2CserviceConfig.timeoutSeconds%2CserviceConfig.serviceAccountEmail%2CserviceConfig.availableMemory%2CserviceConfig.minInstanceCount%2CserviceConfig.maxInstanceCount%2CserviceConfig.maxInstanceRequestConcurrency%2CserviceConfig.availableCpu%2CserviceConfig.vpcConnector%2CserviceConfig.vpcConnectorEgressSettings%2CserviceConfig.directVpcNetworkInterface%2CserviceConfig.directVpcEgress%2Clabels
[debug] [2026-05-27T00:50:49.782Z] >>> [apiv2][body] PATCH https://cloudfunctions.googleapis.com/v2/projects/public-speech-feedback/locations/us-central1/functions/analyzePresentationFromStorage {"name":"projects/public-speech-feedback/locations/us-central1/functions/analyzePresentationFromStorage","buildConfig":{"runtime":"nodejs20","entryPoint":"analyzePresentationFromStorage","source":{"storageSource":{"bucket":"gcf-v2-uploads-294735447020.us-central1.cloudfunctions.appspot.com","object":"0e4962d8-1626-4c41-8528-98f8af31b013.zip"}},"environmentVariables":{"GOOGLE_NODE_RUN_SCRIPTS":""}},"serviceConfig":{"environmentVariables":{"FIREBASE_CONFIG":"{\"projectId\":\"public-speech-feedback\",\"storageBucket\":\"public-speech-feedback.firebasestorage.app\"}","GCLOUD_PROJECT":"public-speech-feedback","EVENTARC_CLOUD_EVENT_SOURCE":"projects/public-speech-feedback/locations/us-central1/services/analyzePresentationFromStorage","FUNCTION_TARGET":"analyzePresentationFromStorage","LOG_EXECUTION_ID":"true"},"secretEnvironmentVariables":[{"key":"GEMINI_API_KEY","secret":"GEMINI_API_KEY","projectId":"public-speech-feedback","version":"2"}],"ingressSettings":null,"timeoutSeconds":540,"serviceAccountEmail":null,"availableMemory":"1024Mi","minInstanceCount":null,"maxInstanceCount":5,"maxInstanceRequestConcurrency":1,"availableCpu":"1","vpcConnector":null,"vpcConnectorEgressSettings":null,"directVpcNetworkInterface":null,"directVpcEgress":null},"labels":{"deployment-tool":"cli-firebase","deployment-callable":"true","firebase-functions-hash":"741b5aaaf906df02ad5d24eb0fc316cf15f41451"}}
[debug] [2026-05-27T00:50:51.672Z] <<< [apiv2][status] PATCH https://cloudfunctions.googleapis.com/v2/projects/public-speech-feedback/locations/us-central1/functions/analyzePresentationFromStorage 200
[debug] [2026-05-27T00:50:51.673Z] <<< [apiv2][body] PATCH https://cloudfunctions.googleapis.com/v2/projects/public-speech-feedback/locations/us-central1/functions/analyzePresentationFromStorage {"name":"projects/public-speech-feedback/locations/us-central1/operations/operation-1779843050769-652c200cc0da3-33f86e11-d04125a5","metadata":{"@type":"type.googleapis.com/google.cloud.functions.v2.OperationMetadata","createTime":"2026-05-27T00:50:51.539349230Z","target":"projects/public-speech-feedback/locations/us-central1/functions/analyzePresentationFromStorage","verb":"update","cancelRequested":false,"apiVersion":"v2"},"done":false}
[debug] [2026-05-27T00:50:51.674Z] Checked if tokens are valid: true, expires at: 1779846626563
[debug] [2026-05-27T00:50:51.674Z] Checked if tokens are valid: true, expires at: 1779846626563
[debug] [2026-05-27T00:50:51.674Z] >>> [apiv2][query] GET https://cloudfunctions.googleapis.com/v2/projects/public-speech-feedback/locations/us-central1/operations/operation-1779843050769-652c200cc0da3-33f86e11-d04125a5 [none]
[debug] [2026-05-27T00:50:52.864Z] <<< [apiv2][status] GET https://cloudfunctions.googleapis.com/v2/projects/public-speech-feedback/locations/us-central1/operations/operation-1779843050769-652c200cc0da3-33f86e11-d04125a5 200
[debug] [2026-05-27T00:50:52.865Z] <<< [apiv2][body] GET https://cloudfunctions.googleapis.com/v2/projects/public-speech-feedback/locations/us-central1/operations/operation-1779843050769-652c200cc0da3-33f86e11-d04125a5 {"name":"projects/public-speech-feedback/locations/us-central1/operations/operation-1779843050769-652c200cc0da3-33f86e11-d04125a5","metadata":{"@type":"type.googleapis.com/google.cloud.functions.v2.OperationMetadata","createTime":"2026-05-27T00:50:51.539349230Z","target":"projects/public-speech-feedback/locations/us-central1/functions/analyzePresentationFromStorage","verb":"update","cancelRequested":false,"apiVersion":"v2","requestResource":{"@type":"type.googleapis.com/google.cloud.functions.v2.Function","name":"projects/public-speech-feedback/locations/us-central1/functions/analyzePresentationFromStorage","buildConfig":{"runtime":"nodejs20","entryPoint":"analyzePresentationFromStorage","source":{"storageSource":{"bucket":"gcf-v2-sources-294735447020-us-central1","object":"analyzePresentationFromStorage/function-source.zip","generation":"1779843051467743"}},"environmentVariables":{"GOOGLE_NODE_RUN_SCRIPTS":""},"dockerRepository":"projects/public-speech-feedback/locations/us-central1/repositories/gcf-artifacts","sourceProvenance":{"resolvedStorageSource":{"bucket":"gcf-v2-sources-294735447020-us-central1","object":"analyzePresentationFromStorage/function-source.zip","generation":"1779839225553060"}},"dockerRegistry":"ARTIFACT_REGISTRY","serviceAccount":"projects/public-speech-feedback/serviceAccounts/294735447020-compute@developer.gserviceaccount.com","automaticUpdatePolicy":{}},"serviceConfig":{"service":"projects/public-speech-feedback/locations/us-central1/services/analyzepresentationfromstorage","timeoutSeconds":540,"environmentVariables":{"FIREBASE_CONFIG":"{\"projectId\":\"public-speech-feedback\",\"storageBucket\":\"public-speech-feedback.firebasestorage.app\"}","GCLOUD_PROJECT":"public-speech-feedback","EVENTARC_CLOUD_EVENT_SOURCE":"projects/public-speech-feedback/locations/us-central1/services/analyzePresentationFromStorage","FUNCTION_TARGET":"analyzePresentationFromStorage","LOG_EXECUTION_ID":"true"},"maxInstanceCount":5,"ingressSettings":"ALLOW_ALL","uri":"https://analyzepresentationfromstorage-a26tzeuufa-uc.a.run.app","serviceAccountEmail":"294735447020-compute@developer.gserviceaccount.com","availableMemory":"1024Mi","allTrafficOnLatestRevision":true,"secretEnvironmentVariables":[{"key":"GEMINI_API_KEY","projectId":"public-speech-feedback","secret":"GEMINI_API_KEY","version":"2"}],"revision":"analyzepresentationfromstorage-00001-paj","maxInstanceRequestConcurrency":1,"availableCpu":"1"},"state":"ACTIVE","labels":{"deployment-tool":"cli-firebase","deployment-callable":"true","firebase-functions-hash":"741b5aaaf906df02ad5d24eb0fc316cf15f41451"},"environment":"GEN_2","url":"https://us-central1-public-speech-feedback.cloudfunctions.net/analyzePresentationFromStorage","satisfiesPzi":true},"stages":[{"name":"BUILD","message":"Build in progress","state":"IN_PROGRESS","resource":"projects/294735447020/locations/us-central1/builds/b45fce0a-048b-4c4c-b387-e4a3138eeb14","resourceUri":"https://console.cloud.google.com/cloud-build/builds;region=us-central1/b45fce0a-048b-4c4c-b387-e4a3138eeb14?project=294735447020"},{"name":"SERVICE","state":"NOT_STARTED"}],"operationType":"UPDATE_FUNCTION","buildName":"projects/294735447020/locations/us-central1/builds/b45fce0a-048b-4c4c-b387-e4a3138eeb14"},"done":false}
[debug] [2026-05-27T00:50:53.366Z] [update-default-us-central1-analyzePresentationFromStorage] Retrying task index 0
[debug] [2026-05-27T00:50:53.367Z] Checked if tokens are valid: true, expires at: 1779846626563
[debug] [2026-05-27T00:50:53.367Z] Checked if tokens are valid: true, expires at: 1779846626563
[debug] [2026-05-27T00:50:53.367Z] >>> [apiv2][query] GET https://cloudfunctions.googleapis.com/v2/projects/public-speech-feedback/locations/us-central1/operations/operation-1779843050769-652c200cc0da3-33f86e11-d04125a5 [none]
[debug] [2026-05-27T00:50:54.500Z] <<< [apiv2][status] GET https://cloudfunctions.googleapis.com/v2/projects/public-speech-feedback/locations/us-central1/operations/operation-1779843050769-652c200cc0da3-33f86e11-d04125a5 200
[debug] [2026-05-27T00:50:54.500Z] <<< [apiv2][body] GET https://cloudfunctions.googleapis.com/v2/projects/public-speech-feedback/locations/us-central1/operations/operation-1779843050769-652c200cc0da3-33f86e11-d04125a5 {"name":"projects/public-speech-feedback/locations/us-central1/operations/operation-1779843050769-652c200cc0da3-33f86e11-d04125a5","metadata":{"@type":"type.googleapis.com/google.cloud.functions.v2.OperationMetadata","createTime":"2026-05-27T00:50:51.539349230Z","target":"projects/public-speech-feedback/locations/us-central1/functions/analyzePresentationFromStorage","verb":"update","cancelRequested":false,"apiVersion":"v2","requestResource":{"@type":"type.googleapis.com/google.cloud.functions.v2.Function","name":"projects/public-speech-feedback/locations/us-central1/functions/analyzePresentationFromStorage","buildConfig":{"runtime":"nodejs20","entryPoint":"analyzePresentationFromStorage","source":{"storageSource":{"bucket":"gcf-v2-sources-294735447020-us-central1","object":"analyzePresentationFromStorage/function-source.zip","generation":"1779843051467743"}},"environmentVariables":{"GOOGLE_NODE_RUN_SCRIPTS":""},"dockerRepository":"projects/public-speech-feedback/locations/us-central1/repositories/gcf-artifacts","sourceProvenance":{"resolvedStorageSource":{"bucket":"gcf-v2-sources-294735447020-us-central1","object":"analyzePresentationFromStorage/function-source.zip","generation":"1779839225553060"}},"dockerRegistry":"ARTIFACT_REGISTRY","serviceAccount":"projects/public-speech-feedback/serviceAccounts/294735447020-compute@developer.gserviceaccount.com","automaticUpdatePolicy":{}},"serviceConfig":{"service":"projects/public-speech-feedback/locations/us-central1/services/analyzepresentationfromstorage","timeoutSeconds":540,"environmentVariables":{"FIREBASE_CONFIG":"{\"projectId\":\"public-speech-feedback\",\"storageBucket\":\"public-speech-feedback.firebasestorage.app\"}","GCLOUD_PROJECT":"public-speech-feedback","EVENTARC_CLOUD_EVENT_SOURCE":"projects/public-speech-feedback/locations/us-central1/services/analyzePresentationFromStorage","FUNCTION_TARGET":"analyzePresentationFromStorage","LOG_EXECUTION_ID":"true"},"maxInstanceCount":5,"ingressSettings":"ALLOW_ALL","uri":"https://analyzepresentationfromstorage-a26tzeuufa-uc.a.run.app","serviceAccountEmail":"294735447020-compute@developer.gserviceaccount.com","availableMemory":"1024Mi","allTrafficOnLatestRevision":true,"secretEnvironmentVariables":[{"key":"GEMINI_API_KEY","projectId":"public-speech-feedback","secret":"GEMINI_API_KEY","version":"2"}],"revision":"analyzepresentationfromstorage-00001-paj","maxInstanceRequestConcurrency":1,"availableCpu":"1"},"state":"ACTIVE","labels":{"deployment-tool":"cli-firebase","deployment-callable":"true","firebase-functions-hash":"741b5aaaf906df02ad5d24eb0fc316cf15f41451"},"environment":"GEN_2","url":"https://us-central1-public-speech-feedback.cloudfunctions.net/analyzePresentationFromStorage","satisfiesPzi":true},"stages":[{"name":"BUILD","message":"Build in progress","state":"IN_PROGRESS","resource":"projects/294735447020/locations/us-central1/builds/b45fce0a-048b-4c4c-b387-e4a3138eeb14","resourceUri":"https://console.cloud.google.com/cloud-build/builds;region=us-central1/b45fce0a-048b-4c4c-b387-e4a3138eeb14?project=294735447020"},{"name":"SERVICE","state":"NOT_STARTED"}],"operationType":"UPDATE_FUNCTION","buildName":"projects/294735447020/locations/us-central1/builds/b45fce0a-048b-4c4c-b387-e4a3138eeb14"},"done":false}
[debug] [2026-05-27T00:50:55.501Z] [update-default-us-central1-analyzePresentationFromStorage] Retrying task index 0
[debug] [2026-05-27T00:50:55.501Z] Checked if tokens are valid: true, expires at: 1779846626563
[debug] [2026-05-27T00:50:55.502Z] Checked if tokens are valid: true, expires at: 1779846626563
[debug] [2026-05-27T00:50:55.502Z] >>> [apiv2][query] GET https://cloudfunctions.googleapis.com/v2/projects/public-speech-feedback/locations/us-central1/operations/operation-1779843050769-652c200cc0da3-33f86e11-d04125a5 [none]
[debug] [2026-05-27T00:50:55.820Z] <<< [apiv2][status] GET https://cloudfunctions.googleapis.com/v2/projects/public-speech-feedback/locations/us-central1/operations/operation-1779843050769-652c200cc0da3-33f86e11-d04125a5 200
[debug] [2026-05-27T00:50:55.821Z] <<< [apiv2][body] GET https://cloudfunctions.googleapis.com/v2/projects/public-speech-feedback/locations/us-central1/operations/operation-1779843050769-652c200cc0da3-33f86e11-d04125a5 {"name":"projects/public-speech-feedback/locations/us-central1/operations/operation-1779843050769-652c200cc0da3-33f86e11-d04125a5","metadata":{"@type":"type.googleapis.com/google.cloud.functions.v2.OperationMetadata","createTime":"2026-05-27T00:50:51.539349230Z","target":"projects/public-speech-feedback/locations/us-central1/functions/analyzePresentationFromStorage","verb":"update","cancelRequested":false,"apiVersion":"v2","requestResource":{"@type":"type.googleapis.com/google.cloud.functions.v2.Function","name":"projects/public-speech-feedback/locations/us-central1/functions/analyzePresentationFromStorage","buildConfig":{"runtime":"nodejs20","entryPoint":"analyzePresentationFromStorage","source":{"storageSource":{"bucket":"gcf-v2-sources-294735447020-us-central1","object":"analyzePresentationFromStorage/function-source.zip","generation":"1779843051467743"}},"environmentVariables":{"GOOGLE_NODE_RUN_SCRIPTS":""},"dockerRepository":"projects/public-speech-feedback/locations/us-central1/repositories/gcf-artifacts","sourceProvenance":{"resolvedStorageSource":{"bucket":"gcf-v2-sources-294735447020-us-central1","object":"analyzePresentationFromStorage/function-source.zip","generation":"1779839225553060"}},"dockerRegistry":"ARTIFACT_REGISTRY","serviceAccount":"projects/public-speech-feedback/serviceAccounts/294735447020-compute@developer.gserviceaccount.com","automaticUpdatePolicy":{}},"serviceConfig":{"service":"projects/public-speech-feedback/locations/us-central1/services/analyzepresentationfromstorage","timeoutSeconds":540,"environmentVariables":{"FIREBASE_CONFIG":"{\"projectId\":\"public-speech-feedback\",\"storageBucket\":\"public-speech-feedback.firebasestorage.app\"}","GCLOUD_PROJECT":"public-speech-feedback","EVENTARC_CLOUD_EVENT_SOURCE":"projects/public-speech-feedback/locations/us-central1/services/analyzePresentationFromStorage","FUNCTION_TARGET":"analyzePresentationFromStorage","LOG_EXECUTION_ID":"true"},"maxInstanceCount":5,"ingressSettings":"ALLOW_ALL","uri":"https://analyzepresentationfromstorage-a26tzeuufa-uc.a.run.app","serviceAccountEmail":"294735447020-compute@developer.gserviceaccount.com","availableMemory":"1024Mi","allTrafficOnLatestRevision":true,"secretEnvironmentVariables":[{"key":"GEMINI_API_KEY","projectId":"public-speech-feedback","secret":"GEMINI_API_KEY","version":"2"}],"revision":"analyzepresentationfromstorage-00001-paj","maxInstanceRequestConcurrency":1,"availableCpu":"1"},"state":"ACTIVE","labels":{"deployment-tool":"cli-firebase","deployment-callable":"true","firebase-functions-hash":"741b5aaaf906df02ad5d24eb0fc316cf15f41451"},"environment":"GEN_2","url":"https://us-central1-public-speech-feedback.cloudfunctions.net/analyzePresentationFromStorage","satisfiesPzi":true},"stages":[{"name":"BUILD","message":"Build in progress","state":"IN_PROGRESS","resource":"projects/294735447020/locations/us-central1/builds/b45fce0a-048b-4c4c-b387-e4a3138eeb14","resourceUri":"https://console.cloud.google.com/cloud-build/builds;region=us-central1/b45fce0a-048b-4c4c-b387-e4a3138eeb14?project=294735447020"},{"name":"SERVICE","state":"NOT_STARTED"}],"operationType":"UPDATE_FUNCTION","buildName":"projects/294735447020/locations/us-central1/builds/b45fce0a-048b-4c4c-b387-e4a3138eeb14"},"done":false}
[debug] [2026-05-27T00:50:57.822Z] [update-default-us-central1-analyzePresentationFromStorage] Retrying task index 0
[debug] [2026-05-27T00:50:57.823Z] Checked if tokens are valid: true, expires at: 1779846626563
[debug] [2026-05-27T00:50:57.823Z] Checked if tokens are valid: true, expires at: 1779846626563
[debug] [2026-05-27T00:50:57.823Z] >>> [apiv2][query] GET https://cloudfunctions.googleapis.com/v2/projects/public-speech-feedback/locations/us-central1/operations/operation-1779843050769-652c200cc0da3-33f86e11-d04125a5 [none]
[debug] [2026-05-27T00:50:58.886Z] <<< [apiv2][status] GET https://cloudfunctions.googleapis.com/v2/projects/public-speech-feedback/locations/us-central1/operations/operation-1779843050769-652c200cc0da3-33f86e11-d04125a5 200
[debug] [2026-05-27T00:50:58.886Z] <<< [apiv2][body] GET https://cloudfunctions.googleapis.com/v2/projects/public-speech-feedback/locations/us-central1/operations/operation-1779843050769-652c200cc0da3-33f86e11-d04125a5 {"name":"projects/public-speech-feedback/locations/us-central1/operations/operation-1779843050769-652c200cc0da3-33f86e11-d04125a5","metadata":{"@type":"type.googleapis.com/google.cloud.functions.v2.OperationMetadata","createTime":"2026-05-27T00:50:51.539349230Z","target":"projects/public-speech-feedback/locations/us-central1/functions/analyzePresentationFromStorage","verb":"update","cancelRequested":false,"apiVersion":"v2","requestResource":{"@type":"type.googleapis.com/google.cloud.functions.v2.Function","name":"projects/public-speech-feedback/locations/us-central1/functions/analyzePresentationFromStorage","buildConfig":{"runtime":"nodejs20","entryPoint":"analyzePresentationFromStorage","source":{"storageSource":{"bucket":"gcf-v2-sources-294735447020-us-central1","object":"analyzePresentationFromStorage/function-source.zip","generation":"1779843051467743"}},"environmentVariables":{"GOOGLE_NODE_RUN_SCRIPTS":""},"dockerRepository":"projects/public-speech-feedback/locations/us-central1/repositories/gcf-artifacts","sourceProvenance":{"resolvedStorageSource":{"bucket":"gcf-v2-sources-294735447020-us-central1","object":"analyzePresentationFromStorage/function-source.zip","generation":"1779839225553060"}},"dockerRegistry":"ARTIFACT_REGISTRY","serviceAccount":"projects/public-speech-feedback/serviceAccounts/294735447020-compute@developer.gserviceaccount.com","automaticUpdatePolicy":{}},"serviceConfig":{"service":"projects/public-speech-feedback/locations/us-central1/services/analyzepresentationfromstorage","timeoutSeconds":540,"environmentVariables":{"FIREBASE_CONFIG":"{\"projectId\":\"public-speech-feedback\",\"storageBucket\":\"public-speech-feedback.firebasestorage.app\"}","GCLOUD_PROJECT":"public-speech-feedback","EVENTARC_CLOUD_EVENT_SOURCE":"projects/public-speech-feedback/locations/us-central1/services/analyzePresentationFromStorage","FUNCTION_TARGET":"analyzePresentationFromStorage","LOG_EXECUTION_ID":"true"},"maxInstanceCount":5,"ingressSettings":"ALLOW_ALL","uri":"https://analyzepresentationfromstorage-a26tzeuufa-uc.a.run.app","serviceAccountEmail":"294735447020-compute@developer.gserviceaccount.com","availableMemory":"1024Mi","allTrafficOnLatestRevision":true,"secretEnvironmentVariables":[{"key":"GEMINI_API_KEY","projectId":"public-speech-feedback","secret":"GEMINI_API_KEY","version":"2"}],"revision":"analyzepresentationfromstorage-00001-paj","maxInstanceRequestConcurrency":1,"availableCpu":"1"},"state":"ACTIVE","labels":{"deployment-tool":"cli-firebase","deployment-callable":"true","firebase-functions-hash":"741b5aaaf906df02ad5d24eb0fc316cf15f41451"},"environment":"GEN_2","url":"https://us-central1-public-speech-feedback.cloudfunctions.net/analyzePresentationFromStorage","satisfiesPzi":true},"stages":[{"name":"BUILD","message":"Build in progress","state":"IN_PROGRESS","resource":"projects/294735447020/locations/us-central1/builds/b45fce0a-048b-4c4c-b387-e4a3138eeb14","resourceUri":"https://console.cloud.google.com/cloud-build/builds;region=us-central1/b45fce0a-048b-4c4c-b387-e4a3138eeb14?project=294735447020"},{"name":"SERVICE","state":"NOT_STARTED"}],"operationType":"UPDATE_FUNCTION","buildName":"projects/294735447020/locations/us-central1/builds/b45fce0a-048b-4c4c-b387-e4a3138eeb14"},"done":false}
[debug] [2026-05-27T00:51:02.888Z] [update-default-us-central1-analyzePresentationFromStorage] Retrying task index 0
[debug] [2026-05-27T00:51:02.888Z] Checked if tokens are valid: true, expires at: 1779846626563
[debug] [2026-05-27T00:51:02.888Z] Checked if tokens are valid: true, expires at: 1779846626563
[debug] [2026-05-27T00:51:02.888Z] >>> [apiv2][query] GET https://cloudfunctions.googleapis.com/v2/projects/public-speech-feedback/locations/us-central1/operations/operation-1779843050769-652c200cc0da3-33f86e11-d04125a5 [none]
[debug] [2026-05-27T00:51:04.042Z] <<< [apiv2][status] GET https://cloudfunctions.googleapis.com/v2/projects/public-speech-feedback/locations/us-central1/operations/operation-1779843050769-652c200cc0da3-33f86e11-d04125a5 200
[debug] [2026-05-27T00:51:04.043Z] <<< [apiv2][body] GET https://cloudfunctions.googleapis.com/v2/projects/public-speech-feedback/locations/us-central1/operations/operation-1779843050769-652c200cc0da3-33f86e11-d04125a5 {"name":"projects/public-speech-feedback/locations/us-central1/operations/operation-1779843050769-652c200cc0da3-33f86e11-d04125a5","metadata":{"@type":"type.googleapis.com/google.cloud.functions.v2.OperationMetadata","createTime":"2026-05-27T00:50:51.539349230Z","target":"projects/public-speech-feedback/locations/us-central1/functions/analyzePresentationFromStorage","verb":"update","cancelRequested":false,"apiVersion":"v2","requestResource":{"@type":"type.googleapis.com/google.cloud.functions.v2.Function","name":"projects/public-speech-feedback/locations/us-central1/functions/analyzePresentationFromStorage","buildConfig":{"runtime":"nodejs20","entryPoint":"analyzePresentationFromStorage","source":{"storageSource":{"bucket":"gcf-v2-sources-294735447020-us-central1","object":"analyzePresentationFromStorage/function-source.zip","generation":"1779843051467743"}},"environmentVariables":{"GOOGLE_NODE_RUN_SCRIPTS":""},"dockerRepository":"projects/public-speech-feedback/locations/us-central1/repositories/gcf-artifacts","sourceProvenance":{"resolvedStorageSource":{"bucket":"gcf-v2-sources-294735447020-us-central1","object":"analyzePresentationFromStorage/function-source.zip","generation":"1779839225553060"}},"dockerRegistry":"ARTIFACT_REGISTRY","serviceAccount":"projects/public-speech-feedback/serviceAccounts/294735447020-compute@developer.gserviceaccount.com","automaticUpdatePolicy":{}},"serviceConfig":{"service":"projects/public-speech-feedback/locations/us-central1/services/analyzepresentationfromstorage","timeoutSeconds":540,"environmentVariables":{"FIREBASE_CONFIG":"{\"projectId\":\"public-speech-feedback\",\"storageBucket\":\"public-speech-feedback.firebasestorage.app\"}","GCLOUD_PROJECT":"public-speech-feedback","EVENTARC_CLOUD_EVENT_SOURCE":"projects/public-speech-feedback/locations/us-central1/services/analyzePresentationFromStorage","FUNCTION_TARGET":"analyzePresentationFromStorage","LOG_EXECUTION_ID":"true"},"maxInstanceCount":5,"ingressSettings":"ALLOW_ALL","uri":"https://analyzepresentationfromstorage-a26tzeuufa-uc.a.run.app","serviceAccountEmail":"294735447020-compute@developer.gserviceaccount.com","availableMemory":"1024Mi","allTrafficOnLatestRevision":true,"secretEnvironmentVariables":[{"key":"GEMINI_API_KEY","projectId":"public-speech-feedback","secret":"GEMINI_API_KEY","version":"2"}],"revision":"analyzepresentationfromstorage-00001-paj","maxInstanceRequestConcurrency":1,"availableCpu":"1"},"state":"ACTIVE","labels":{"deployment-tool":"cli-firebase","deployment-callable":"true","firebase-functions-hash":"741b5aaaf906df02ad5d24eb0fc316cf15f41451"},"environment":"GEN_2","url":"https://us-central1-public-speech-feedback.cloudfunctions.net/analyzePresentationFromStorage","satisfiesPzi":true},"stages":[{"name":"BUILD","message":"Build in progress","state":"IN_PROGRESS","resource":"projects/294735447020/locations/us-central1/builds/b45fce0a-048b-4c4c-b387-e4a3138eeb14","resourceUri":"https://console.cloud.google.com/cloud-build/builds;region=us-central1/b45fce0a-048b-4c4c-b387-e4a3138eeb14?project=294735447020"},{"name":"SERVICE","state":"NOT_STARTED"}],"operationType":"UPDATE_FUNCTION","buildName":"projects/294735447020/locations/us-central1/builds/b45fce0a-048b-4c4c-b387-e4a3138eeb14"},"done":false}
[debug] [2026-05-27T00:51:12.044Z] [update-default-us-central1-analyzePresentationFromStorage] Retrying task index 0
[debug] [2026-05-27T00:51:12.045Z] Checked if tokens are valid: true, expires at: 1779846626563
[debug] [2026-05-27T00:51:12.045Z] Checked if tokens are valid: true, expires at: 1779846626563
[debug] [2026-05-27T00:51:12.045Z] >>> [apiv2][query] GET https://cloudfunctions.googleapis.com/v2/projects/public-speech-feedback/locations/us-central1/operations/operation-1779843050769-652c200cc0da3-33f86e11-d04125a5 [none]
[debug] [2026-05-27T00:51:13.268Z] <<< [apiv2][status] GET https://cloudfunctions.googleapis.com/v2/projects/public-speech-feedback/locations/us-central1/operations/operation-1779843050769-652c200cc0da3-33f86e11-d04125a5 200
[debug] [2026-05-27T00:51:13.268Z] <<< [apiv2][body] GET https://cloudfunctions.googleapis.com/v2/projects/public-speech-feedback/locations/us-central1/operations/operation-1779843050769-652c200cc0da3-33f86e11-d04125a5 {"name":"projects/public-speech-feedback/locations/us-central1/operations/operation-1779843050769-652c200cc0da3-33f86e11-d04125a5","metadata":{"@type":"type.googleapis.com/google.cloud.functions.v2.OperationMetadata","createTime":"2026-05-27T00:50:51.539349230Z","target":"projects/public-speech-feedback/locations/us-central1/functions/analyzePresentationFromStorage","verb":"update","cancelRequested":false,"apiVersion":"v2","requestResource":{"@type":"type.googleapis.com/google.cloud.functions.v2.Function","name":"projects/public-speech-feedback/locations/us-central1/functions/analyzePresentationFromStorage","buildConfig":{"runtime":"nodejs20","entryPoint":"analyzePresentationFromStorage","source":{"storageSource":{"bucket":"gcf-v2-sources-294735447020-us-central1","object":"analyzePresentationFromStorage/function-source.zip","generation":"1779843051467743"}},"environmentVariables":{"GOOGLE_NODE_RUN_SCRIPTS":""},"dockerRepository":"projects/public-speech-feedback/locations/us-central1/repositories/gcf-artifacts","sourceProvenance":{"resolvedStorageSource":{"bucket":"gcf-v2-sources-294735447020-us-central1","object":"analyzePresentationFromStorage/function-source.zip","generation":"1779839225553060"}},"dockerRegistry":"ARTIFACT_REGISTRY","serviceAccount":"projects/public-speech-feedback/serviceAccounts/294735447020-compute@developer.gserviceaccount.com","automaticUpdatePolicy":{}},"serviceConfig":{"service":"projects/public-speech-feedback/locations/us-central1/services/analyzepresentationfromstorage","timeoutSeconds":540,"environmentVariables":{"FIREBASE_CONFIG":"{\"projectId\":\"public-speech-feedback\",\"storageBucket\":\"public-speech-feedback.firebasestorage.app\"}","GCLOUD_PROJECT":"public-speech-feedback","EVENTARC_CLOUD_EVENT_SOURCE":"projects/public-speech-feedback/locations/us-central1/services/analyzePresentationFromStorage","FUNCTION_TARGET":"analyzePresentationFromStorage","LOG_EXECUTION_ID":"true"},"maxInstanceCount":5,"ingressSettings":"ALLOW_ALL","uri":"https://analyzepresentationfromstorage-a26tzeuufa-uc.a.run.app","serviceAccountEmail":"294735447020-compute@developer.gserviceaccount.com","availableMemory":"1024Mi","allTrafficOnLatestRevision":true,"secretEnvironmentVariables":[{"key":"GEMINI_API_KEY","projectId":"public-speech-feedback","secret":"GEMINI_API_KEY","version":"2"}],"revision":"analyzepresentationfromstorage-00001-paj","maxInstanceRequestConcurrency":1,"availableCpu":"1"},"state":"ACTIVE","labels":{"deployment-tool":"cli-firebase","deployment-callable":"true","firebase-functions-hash":"741b5aaaf906df02ad5d24eb0fc316cf15f41451"},"environment":"GEN_2","url":"https://us-central1-public-speech-feedback.cloudfunctions.net/analyzePresentationFromStorage","satisfiesPzi":true},"stages":[{"name":"BUILD","message":"Build in progress","state":"IN_PROGRESS","resource":"projects/294735447020/locations/us-central1/builds/b45fce0a-048b-4c4c-b387-e4a3138eeb14","resourceUri":"https://console.cloud.google.com/cloud-build/builds;region=us-central1/b45fce0a-048b-4c4c-b387-e4a3138eeb14?project=294735447020"},{"name":"SERVICE","state":"NOT_STARTED"}],"operationType":"UPDATE_FUNCTION","buildName":"projects/294735447020/locations/us-central1/builds/b45fce0a-048b-4c4c-b387-e4a3138eeb14"},"done":false}
[debug] [2026-05-27T00:51:23.271Z] [update-default-us-central1-analyzePresentationFromStorage] Retrying task index 0
[debug] [2026-05-27T00:51:23.271Z] Checked if tokens are valid: true, expires at: 1779846626563
[debug] [2026-05-27T00:51:23.271Z] Checked if tokens are valid: true, expires at: 1779846626563
[debug] [2026-05-27T00:51:23.271Z] >>> [apiv2][query] GET https://cloudfunctions.googleapis.com/v2/projects/public-speech-feedback/locations/us-central1/operations/operation-1779843050769-652c200cc0da3-33f86e11-d04125a5 [none]
[debug] [2026-05-27T00:51:24.488Z] <<< [apiv2][status] GET https://cloudfunctions.googleapis.com/v2/projects/public-speech-feedback/locations/us-central1/operations/operation-1779843050769-652c200cc0da3-33f86e11-d04125a5 200
[debug] [2026-05-27T00:51:24.488Z] <<< [apiv2][body] GET https://cloudfunctions.googleapis.com/v2/projects/public-speech-feedback/locations/us-central1/operations/operation-1779843050769-652c200cc0da3-33f86e11-d04125a5 {"name":"projects/public-speech-feedback/locations/us-central1/operations/operation-1779843050769-652c200cc0da3-33f86e11-d04125a5","metadata":{"@type":"type.googleapis.com/google.cloud.functions.v2.OperationMetadata","createTime":"2026-05-27T00:50:51.539349230Z","target":"projects/public-speech-feedback/locations/us-central1/functions/analyzePresentationFromStorage","verb":"update","cancelRequested":false,"apiVersion":"v2","requestResource":{"@type":"type.googleapis.com/google.cloud.functions.v2.Function","name":"projects/public-speech-feedback/locations/us-central1/functions/analyzePresentationFromStorage","buildConfig":{"runtime":"nodejs20","entryPoint":"analyzePresentationFromStorage","source":{"storageSource":{"bucket":"gcf-v2-sources-294735447020-us-central1","object":"analyzePresentationFromStorage/function-source.zip","generation":"1779843051467743"}},"environmentVariables":{"GOOGLE_NODE_RUN_SCRIPTS":""},"dockerRepository":"projects/public-speech-feedback/locations/us-central1/repositories/gcf-artifacts","sourceProvenance":{"resolvedStorageSource":{"bucket":"gcf-v2-sources-294735447020-us-central1","object":"analyzePresentationFromStorage/function-source.zip","generation":"1779839225553060"}},"dockerRegistry":"ARTIFACT_REGISTRY","serviceAccount":"projects/public-speech-feedback/serviceAccounts/294735447020-compute@developer.gserviceaccount.com","automaticUpdatePolicy":{}},"serviceConfig":{"service":"projects/public-speech-feedback/locations/us-central1/services/analyzepresentationfromstorage","timeoutSeconds":540,"environmentVariables":{"FIREBASE_CONFIG":"{\"projectId\":\"public-speech-feedback\",\"storageBucket\":\"public-speech-feedback.firebasestorage.app\"}","GCLOUD_PROJECT":"public-speech-feedback","EVENTARC_CLOUD_EVENT_SOURCE":"projects/public-speech-feedback/locations/us-central1/services/analyzePresentationFromStorage","FUNCTION_TARGET":"analyzePresentationFromStorage","LOG_EXECUTION_ID":"true"},"maxInstanceCount":5,"ingressSettings":"ALLOW_ALL","uri":"https://analyzepresentationfromstorage-a26tzeuufa-uc.a.run.app","serviceAccountEmail":"294735447020-compute@developer.gserviceaccount.com","availableMemory":"1024Mi","allTrafficOnLatestRevision":true,"secretEnvironmentVariables":[{"key":"GEMINI_API_KEY","projectId":"public-speech-feedback","secret":"GEMINI_API_KEY","version":"2"}],"revision":"analyzepresentationfromstorage-00001-paj","maxInstanceRequestConcurrency":1,"availableCpu":"1"},"state":"ACTIVE","labels":{"deployment-tool":"cli-firebase","deployment-callable":"true","firebase-functions-hash":"741b5aaaf906df02ad5d24eb0fc316cf15f41451"},"environment":"GEN_2","url":"https://us-central1-public-speech-feedback.cloudfunctions.net/analyzePresentationFromStorage","satisfiesPzi":true},"stages":[{"name":"BUILD","message":"Build in progress","state":"IN_PROGRESS","resource":"projects/294735447020/locations/us-central1/builds/b45fce0a-048b-4c4c-b387-e4a3138eeb14","resourceUri":"https://console.cloud.google.com/cloud-build/builds;region=us-central1/b45fce0a-048b-4c4c-b387-e4a3138eeb14?project=294735447020"},{"name":"SERVICE","state":"NOT_STARTED"}],"operationType":"UPDATE_FUNCTION","buildName":"projects/294735447020/locations/us-central1/builds/b45fce0a-048b-4c4c-b387-e4a3138eeb14"},"done":false}
[debug] [2026-05-27T00:51:34.490Z] [update-default-us-central1-analyzePresentationFromStorage] Retrying task index 0
[debug] [2026-05-27T00:51:34.491Z] Checked if tokens are valid: true, expires at: 1779846626563
[debug] [2026-05-27T00:51:34.491Z] Checked if tokens are valid: true, expires at: 1779846626563
[debug] [2026-05-27T00:51:34.491Z] >>> [apiv2][query] GET https://cloudfunctions.googleapis.com/v2/projects/public-speech-feedback/locations/us-central1/operations/operation-1779843050769-652c200cc0da3-33f86e11-d04125a5 [none]
[debug] [2026-05-27T00:51:35.869Z] <<< [apiv2][status] GET https://cloudfunctions.googleapis.com/v2/projects/public-speech-feedback/locations/us-central1/operations/operation-1779843050769-652c200cc0da3-33f86e11-d04125a5 200
[debug] [2026-05-27T00:51:35.869Z] <<< [apiv2][body] GET https://cloudfunctions.googleapis.com/v2/projects/public-speech-feedback/locations/us-central1/operations/operation-1779843050769-652c200cc0da3-33f86e11-d04125a5 {"name":"projects/public-speech-feedback/locations/us-central1/operations/operation-1779843050769-652c200cc0da3-33f86e11-d04125a5","metadata":{"@type":"type.googleapis.com/google.cloud.functions.v2.OperationMetadata","createTime":"2026-05-27T00:50:51.539349230Z","target":"projects/public-speech-feedback/locations/us-central1/functions/analyzePresentationFromStorage","verb":"update","cancelRequested":false,"apiVersion":"v2","requestResource":{"@type":"type.googleapis.com/google.cloud.functions.v2.Function","name":"projects/public-speech-feedback/locations/us-central1/functions/analyzePresentationFromStorage","buildConfig":{"runtime":"nodejs20","entryPoint":"analyzePresentationFromStorage","source":{"storageSource":{"bucket":"gcf-v2-sources-294735447020-us-central1","object":"analyzePresentationFromStorage/function-source.zip","generation":"1779843051467743"}},"environmentVariables":{"GOOGLE_NODE_RUN_SCRIPTS":""},"dockerRepository":"projects/public-speech-feedback/locations/us-central1/repositories/gcf-artifacts","sourceProvenance":{"resolvedStorageSource":{"bucket":"gcf-v2-sources-294735447020-us-central1","object":"analyzePresentationFromStorage/function-source.zip","generation":"1779839225553060"}},"dockerRegistry":"ARTIFACT_REGISTRY","serviceAccount":"projects/public-speech-feedback/serviceAccounts/294735447020-compute@developer.gserviceaccount.com","automaticUpdatePolicy":{}},"serviceConfig":{"service":"projects/public-speech-feedback/locations/us-central1/services/analyzepresentationfromstorage","timeoutSeconds":540,"environmentVariables":{"FIREBASE_CONFIG":"{\"projectId\":\"public-speech-feedback\",\"storageBucket\":\"public-speech-feedback.firebasestorage.app\"}","GCLOUD_PROJECT":"public-speech-feedback","EVENTARC_CLOUD_EVENT_SOURCE":"projects/public-speech-feedback/locations/us-central1/services/analyzePresentationFromStorage","FUNCTION_TARGET":"analyzePresentationFromStorage","LOG_EXECUTION_ID":"true"},"maxInstanceCount":5,"ingressSettings":"ALLOW_ALL","uri":"https://analyzepresentationfromstorage-a26tzeuufa-uc.a.run.app","serviceAccountEmail":"294735447020-compute@developer.gserviceaccount.com","availableMemory":"1024Mi","allTrafficOnLatestRevision":true,"secretEnvironmentVariables":[{"key":"GEMINI_API_KEY","projectId":"public-speech-feedback","secret":"GEMINI_API_KEY","version":"2"}],"revision":"analyzepresentationfromstorage-00001-paj","maxInstanceRequestConcurrency":1,"availableCpu":"1"},"state":"ACTIVE","labels":{"deployment-tool":"cli-firebase","deployment-callable":"true","firebase-functions-hash":"741b5aaaf906df02ad5d24eb0fc316cf15f41451"},"environment":"GEN_2","url":"https://us-central1-public-speech-feedback.cloudfunctions.net/analyzePresentationFromStorage","satisfiesPzi":true},"stages":[{"name":"BUILD","message":"Build finished","state":"COMPLETE","resource":"projects/294735447020/locations/us-central1/builds/b45fce0a-048b-4c4c-b387-e4a3138eeb14","resourceUri":"https://console.cloud.google.com/cloud-build/builds;region=us-central1/b45fce0a-048b-4c4c-b387-e4a3138eeb14?project=294735447020"},{"name":"SERVICE","message":"Updating Cloud Run service","state":"IN_PROGRESS","resource":"projects/public-speech-feedback/locations/us-central1/services/analyzepresentationfromstorage","resourceUri":"https://console.cloud.google.com/run/detail/us-central1/analyzepresentationfromstorage?project=public-speech-feedback","stateMessages":[{"severity":"INFO","type":"CloudRunServiceNewRevisionTrafficInfo","message":"A new revision will be deployed serving with 100% traffic."}]}],"sourceToken":"Cldwcm9qZWN0cy8yOTQ3MzU0NDcwMjAvbG9jYXRpb25zL3VzLWNlbnRyYWwxL2J1aWxkcy9iNDVmY2UwYS0wNDhiLTRjNGMtYjM4Ny1lNGEzMTM4ZWViMTQSkwF1cy1jZW50cmFsMS1kb2NrZXIucGtnLmRldi9wdWJsaWMtc3BlZWNoLWZlZWRiYWNrL2djZi1hcnRpZmFjdHMvcHVibGljLS1zcGVlY2gtLWZlZWRiYWNrX191cy0tY2VudHJhbDFfX2FuYWx5emVfcHJlc2VudGF0aW9uX2Zyb21fc3RvcmFnZTp2ZXJzaW9uXzEY7Ifo/MkIIl5wcm9qZWN0cy9wdWJsaWMtc3BlZWNoLWZlZWRiYWNrL2xvY2F0aW9ucy91cy1jZW50cmFsMS9mdW5jdGlvbnMvYW5hbHl6ZVByZXNlbnRhdGlvbkZyb21TdG9yYWdlKgwIkYDZ0AYQ2JGtgAEyCG5vZGVqczIwOnYKI2djci5pby9nYWUtcnVudGltZXMvbm9kZWpzMjA6c3RhYmxlEk91cy1jZW50cmFsMS1kb2NrZXIucGtnLmRldi9zZXJ2ZXJsZXNzLXJ1bnRpbWVzL2dvb2dsZS0yMi1mdWxsL3J1bnRpbWVzL25vZGVqczIwQAE=","operationType":"UPDATE_FUNCTION","buildName":"projects/294735447020/locations/us-central1/builds/b45fce0a-048b-4c4c-b387-e4a3138eeb14"},"done":false}
[debug] [2026-05-27T00:51:35.870Z] Got source token Cldwcm9qZWN0cy8yOTQ3MzU0NDcwMjAvbG9jYXRpb25zL3VzLWNlbnRyYWwxL2J1aWxkcy9iNDVmY2UwYS0wNDhiLTRjNGMtYjM4Ny1lNGEzMTM4ZWViMTQSkwF1cy1jZW50cmFsMS1kb2NrZXIucGtnLmRldi9wdWJsaWMtc3BlZWNoLWZlZWRiYWNrL2djZi1hcnRpZmFjdHMvcHVibGljLS1zcGVlY2gtLWZlZWRiYWNrX191cy0tY2VudHJhbDFfX2FuYWx5emVfcHJlc2VudGF0aW9uX2Zyb21fc3RvcmFnZTp2ZXJzaW9uXzEY7Ifo/MkIIl5wcm9qZWN0cy9wdWJsaWMtc3BlZWNoLWZlZWRiYWNrL2xvY2F0aW9ucy91cy1jZW50cmFsMS9mdW5jdGlvbnMvYW5hbHl6ZVByZXNlbnRhdGlvbkZyb21TdG9yYWdlKgwIkYDZ0AYQ2JGtgAEyCG5vZGVqczIwOnYKI2djci5pby9nYWUtcnVudGltZXMvbm9kZWpzMjA6c3RhYmxlEk91cy1jZW50cmFsMS1kb2NrZXIucGtnLmRldi9zZXJ2ZXJsZXNzLXJ1bnRpbWVzL2dvb2dsZS0yMi1mdWxsL3J1bnRpbWVzL25vZGVqczIwQAE= for region us-central1
[debug] [2026-05-27T00:51:45.871Z] [update-default-us-central1-analyzePresentationFromStorage] Retrying task index 0
[debug] [2026-05-27T00:51:45.871Z] Checked if tokens are valid: true, expires at: 1779846626563
[debug] [2026-05-27T00:51:45.872Z] Checked if tokens are valid: true, expires at: 1779846626563
[debug] [2026-05-27T00:51:45.872Z] >>> [apiv2][query] GET https://cloudfunctions.googleapis.com/v2/projects/public-speech-feedback/locations/us-central1/operations/operation-1779843050769-652c200cc0da3-33f86e11-d04125a5 [none]
[debug] [2026-05-27T00:51:47.021Z] <<< [apiv2][status] GET https://cloudfunctions.googleapis.com/v2/projects/public-speech-feedback/locations/us-central1/operations/operation-1779843050769-652c200cc0da3-33f86e11-d04125a5 200
[debug] [2026-05-27T00:51:47.021Z] <<< [apiv2][body] GET https://cloudfunctions.googleapis.com/v2/projects/public-speech-feedback/locations/us-central1/operations/operation-1779843050769-652c200cc0da3-33f86e11-d04125a5 {"name":"projects/public-speech-feedback/locations/us-central1/operations/operation-1779843050769-652c200cc0da3-33f86e11-d04125a5","metadata":{"@type":"type.googleapis.com/google.cloud.functions.v2.OperationMetadata","createTime":"2026-05-27T00:50:51.539349230Z","endTime":"2026-05-27T00:51:40.084163667Z","target":"projects/public-speech-feedback/locations/us-central1/functions/analyzePresentationFromStorage","verb":"update","cancelRequested":false,"apiVersion":"v2","requestResource":{"@type":"type.googleapis.com/google.cloud.functions.v2.Function","name":"projects/public-speech-feedback/locations/us-central1/functions/analyzePresentationFromStorage","buildConfig":{"runtime":"nodejs20","entryPoint":"analyzePresentationFromStorage","source":{"storageSource":{"bucket":"gcf-v2-sources-294735447020-us-central1","object":"analyzePresentationFromStorage/function-source.zip","generation":"1779843051467743"}},"environmentVariables":{"GOOGLE_NODE_RUN_SCRIPTS":""},"dockerRepository":"projects/public-speech-feedback/locations/us-central1/repositories/gcf-artifacts","sourceProvenance":{"resolvedStorageSource":{"bucket":"gcf-v2-sources-294735447020-us-central1","object":"analyzePresentationFromStorage/function-source.zip","generation":"1779839225553060"}},"dockerRegistry":"ARTIFACT_REGISTRY","serviceAccount":"projects/public-speech-feedback/serviceAccounts/294735447020-compute@developer.gserviceaccount.com","automaticUpdatePolicy":{}},"serviceConfig":{"service":"projects/public-speech-feedback/locations/us-central1/services/analyzepresentationfromstorage","timeoutSeconds":540,"environmentVariables":{"FIREBASE_CONFIG":"{\"projectId\":\"public-speech-feedback\",\"storageBucket\":\"public-speech-feedback.firebasestorage.app\"}","GCLOUD_PROJECT":"public-speech-feedback","EVENTARC_CLOUD_EVENT_SOURCE":"projects/public-speech-feedback/locations/us-central1/services/analyzePresentationFromStorage","FUNCTION_TARGET":"analyzePresentationFromStorage","LOG_EXECUTION_ID":"true"},"maxInstanceCount":5,"ingressSettings":"ALLOW_ALL","uri":"https://analyzepresentationfromstorage-a26tzeuufa-uc.a.run.app","serviceAccountEmail":"294735447020-compute@developer.gserviceaccount.com","availableMemory":"1024Mi","allTrafficOnLatestRevision":true,"secretEnvironmentVariables":[{"key":"GEMINI_API_KEY","projectId":"public-speech-feedback","secret":"GEMINI_API_KEY","version":"2"}],"revision":"analyzepresentationfromstorage-00001-paj","maxInstanceRequestConcurrency":1,"availableCpu":"1"},"state":"ACTIVE","labels":{"deployment-tool":"cli-firebase","deployment-callable":"true","firebase-functions-hash":"741b5aaaf906df02ad5d24eb0fc316cf15f41451"},"environment":"GEN_2","url":"https://us-central1-public-speech-feedback.cloudfunctions.net/analyzePresentationFromStorage","satisfiesPzi":true},"stages":[{"name":"BUILD","message":"Build finished","state":"COMPLETE","resource":"projects/294735447020/locations/us-central1/builds/b45fce0a-048b-4c4c-b387-e4a3138eeb14","resourceUri":"https://console.cloud.google.com/cloud-build/builds;region=us-central1/b45fce0a-048b-4c4c-b387-e4a3138eeb14?project=294735447020"},{"name":"SERVICE","message":"Updating Cloud Run service","state":"COMPLETE","resource":"projects/public-speech-feedback/locations/us-central1/services/analyzepresentationfromstorage","resourceUri":"https://console.cloud.google.com/run/detail/us-central1/analyzepresentationfromstorage?project=public-speech-feedback","stateMessages":[{"severity":"INFO","type":"CloudRunServiceNewRevisionTrafficInfo","message":"A new revision will be deployed serving with 100% traffic."}]}],"sourceToken":"Cldwcm9qZWN0cy8yOTQ3MzU0NDcwMjAvbG9jYXRpb25zL3VzLWNlbnRyYWwxL2J1aWxkcy9iNDVmY2UwYS0wNDhiLTRjNGMtYjM4Ny1lNGEzMTM4ZWViMTQSkwF1cy1jZW50cmFsMS1kb2NrZXIucGtnLmRldi9wdWJsaWMtc3BlZWNoLWZlZWRiYWNrL2djZi1hcnRpZmFjdHMvcHVibGljLS1zcGVlY2gtLWZlZWRiYWNrX191cy0tY2VudHJhbDFfX2FuYWx5emVfcHJlc2VudGF0aW9uX2Zyb21fc3RvcmFnZTp2ZXJzaW9uXzEY7Ifo/MkIIl5wcm9qZWN0cy9wdWJsaWMtc3BlZWNoLWZlZWRiYWNrL2xvY2F0aW9ucy91cy1jZW50cmFsMS9mdW5jdGlvbnMvYW5hbHl6ZVByZXNlbnRhdGlvbkZyb21TdG9yYWdlKgwIkYDZ0AYQ2JGtgAEyCG5vZGVqczIwOnYKI2djci5pby9nYWUtcnVudGltZXMvbm9kZWpzMjA6c3RhYmxlEk91cy1jZW50cmFsMS1kb2NrZXIucGtnLmRldi9zZXJ2ZXJsZXNzLXJ1bnRpbWVzL2dvb2dsZS0yMi1mdWxsL3J1bnRpbWVzL25vZGVqczIwQAE=","operationType":"UPDATE_FUNCTION","buildName":"projects/294735447020/locations/us-central1/builds/b45fce0a-048b-4c4c-b387-e4a3138eeb14"},"done":true,"response":{"@type":"type.googleapis.com/google.cloud.functions.v2.Function","name":"projects/public-speech-feedback/locations/us-central1/functions/analyzePresentationFromStorage","buildConfig":{"build":"projects/294735447020/locations/us-central1/builds/b45fce0a-048b-4c4c-b387-e4a3138eeb14","runtime":"nodejs20","entryPoint":"analyzePresentationFromStorage","source":{"storageSource":{"bucket":"gcf-v2-sources-294735447020-us-central1","object":"analyzePresentationFromStorage/function-source.zip","generation":"1779843051467743"}},"environmentVariables":{"GOOGLE_NODE_RUN_SCRIPTS":""},"dockerRepository":"projects/public-speech-feedback/locations/us-central1/repositories/gcf-artifacts","sourceProvenance":{"resolvedStorageSource":{"bucket":"gcf-v2-sources-294735447020-us-central1","object":"analyzePresentationFromStorage/function-source.zip","generation":"1779843051467743"}},"dockerRegistry":"ARTIFACT_REGISTRY","serviceAccount":"projects/public-speech-feedback/serviceAccounts/294735447020-compute@developer.gserviceaccount.com","automaticUpdatePolicy":{}},"serviceConfig":{"service":"projects/public-speech-feedback/locations/us-central1/services/analyzepresentationfromstorage","timeoutSeconds":540,"environmentVariables":{"FIREBASE_CONFIG":"{\"projectId\":\"public-speech-feedback\",\"storageBucket\":\"public-speech-feedback.firebasestorage.app\"}","GCLOUD_PROJECT":"public-speech-feedback","EVENTARC_CLOUD_EVENT_SOURCE":"projects/public-speech-feedback/locations/us-central1/services/analyzePresentationFromStorage","FUNCTION_TARGET":"analyzePresentationFromStorage","LOG_EXECUTION_ID":"true"},"maxInstanceCount":5,"ingressSettings":"ALLOW_ALL","uri":"https://analyzepresentationfromstorage-a26tzeuufa-uc.a.run.app","serviceAccountEmail":"294735447020-compute@developer.gserviceaccount.com","availableMemory":"1024Mi","allTrafficOnLatestRevision":true,"secretEnvironmentVariables":[{"key":"GEMINI_API_KEY","projectId":"public-speech-feedback","secret":"GEMINI_API_KEY","version":"2"}],"revision":"analyzepresentationfromstorage-00002-wan","maxInstanceRequestConcurrency":1,"availableCpu":"1"},"state":"ACTIVE","updateTime":"2026-05-27T00:50:51.544110698Z","labels":{"firebase-functions-hash":"741b5aaaf906df02ad5d24eb0fc316cf15f41451","deployment-tool":"cli-firebase","deployment-callable":"true"},"environment":"GEN_2","url":"https://us-central1-public-speech-feedback.cloudfunctions.net/analyzePresentationFromStorage","createTime":"2026-05-26T23:47:06.866514322Z","satisfiesPzi":true}}
[debug] [2026-05-27T00:51:47.021Z] Got source token Cldwcm9qZWN0cy8yOTQ3MzU0NDcwMjAvbG9jYXRpb25zL3VzLWNlbnRyYWwxL2J1aWxkcy9iNDVmY2UwYS0wNDhiLTRjNGMtYjM4Ny1lNGEzMTM4ZWViMTQSkwF1cy1jZW50cmFsMS1kb2NrZXIucGtnLmRldi9wdWJsaWMtc3BlZWNoLWZlZWRiYWNrL2djZi1hcnRpZmFjdHMvcHVibGljLS1zcGVlY2gtLWZlZWRiYWNrX191cy0tY2VudHJhbDFfX2FuYWx5emVfcHJlc2VudGF0aW9uX2Zyb21fc3RvcmFnZTp2ZXJzaW9uXzEY7Ifo/MkIIl5wcm9qZWN0cy9wdWJsaWMtc3BlZWNoLWZlZWRiYWNrL2xvY2F0aW9ucy91cy1jZW50cmFsMS9mdW5jdGlvbnMvYW5hbHl6ZVByZXNlbnRhdGlvbkZyb21TdG9yYWdlKgwIkYDZ0AYQ2JGtgAEyCG5vZGVqczIwOnYKI2djci5pby9nYWUtcnVudGltZXMvbm9kZWpzMjA6c3RhYmxlEk91cy1jZW50cmFsMS1kb2NrZXIucGtnLmRldi9zZXJ2ZXJsZXNzLXJ1bnRpbWVzL2dvb2dsZS0yMi1mdWxsL3J1bnRpbWVzL25vZGVqczIwQAE= for region us-central1
[info] ✔  functions[analyzePresentationFromStorage(us-central1)] Successful update operation. 
[debug] [2026-05-27T00:51:47.024Z] Total Function Deployment time: 57240
[debug] [2026-05-27T00:51:47.024Z] 1 Functions Deployed
[debug] [2026-05-27T00:51:47.024Z] 0 Functions Errored
[debug] [2026-05-27T00:51:47.024Z] 0 Function Deployments Aborted
[debug] [2026-05-27T00:51:47.024Z] Average Function Deployment time: 57240
[debug] [2026-05-27T00:51:47.344Z] Checked if tokens are valid: true, expires at: 1779846626563
[debug] [2026-05-27T00:51:47.344Z] Checked if tokens are valid: true, expires at: 1779846626563
[debug] [2026-05-27T00:51:47.344Z] >>> [apiv2][query] GET https://artifactregistry.googleapis.com/v1/projects/public-speech-feedback/locations/us-central1/repositories/gcf-artifacts [none]
[debug] [2026-05-27T00:51:49.324Z] <<< [apiv2][status] GET https://artifactregistry.googleapis.com/v1/projects/public-speech-feedback/locations/us-central1/repositories/gcf-artifacts 200
[debug] [2026-05-27T00:51:49.325Z] <<< [apiv2][body] GET https://artifactregistry.googleapis.com/v1/projects/public-speech-feedback/locations/us-central1/repositories/gcf-artifacts {"name":"projects/public-speech-feedback/locations/us-central1/repositories/gcf-artifacts","format":"DOCKER","description":"This repository is created and used by Cloud Functions for storing function docker images.","labels":{"goog-managed-by":"cloudfunctions"},"createTime":"2026-05-26T23:47:40.178772Z","updateTime":"2026-05-27T00:51:24.057312Z","mode":"STANDARD_REPOSITORY","cleanupPolicies":{"firebase-functions-cleanup":{"id":"firebase-functions-cleanup","action":"DELETE","condition":{"tagState":"ANY","olderThan":"86400s"}}},"sizeBytes":"104907237","vulnerabilityScanningConfig":{"lastEnableTime":"2026-05-26T23:47:24.932566542Z","enablementState":"SCANNING_DISABLED","enablementStateReason":"API containerscanning.googleapis.com is not enabled."},"satisfiesPzi":true,"registryUri":"us-central1-docker.pkg.dev/public-speech-feedback/gcf-artifacts"}
[info] 
[info] ✔  Deploy complete! 
[info] 
[info] Project Console: https://console.firebase.google.com/project/public-speech-feedback/overview
